
> Configure project :app
WARNING: The option setting 'android.usesSdkInManifest.disallowed=false' is deprecated.
The current default is 'true'.
It will be removed in version 10.0 of the Android Gradle plugin.
WARNING: The option setting 'android.sdk.defaultTargetSdkToCompileSdkIfUnset=false' is deprecated.
The current default is 'true'.
It will be removed in version 10.0 of the Android Gradle plugin.
WARNING: The option setting 'android.enableAppCompileTimeRClass=false' is deprecated.
The current default is 'true'.
It will be removed in version 10.0 of the Android Gradle plugin.
WARNING: The option setting 'android.builtInKotlin=false' is deprecated.
The current default is 'true'.
It will be removed in version 10.0 of the Android Gradle plugin.
WARNING: The option setting 'android.newDsl=false' is deprecated.
The current default is 'true'.
It will be removed in version 10.0 of the Android Gradle plugin.
WARNING: The option setting 'android.r8.optimizedResourceShrinking=false' is deprecated.
The current default is 'true'.
It will be removed in version 10.0 of the Android Gradle plugin.
WARNING: The option setting 'android.defaults.buildfeatures.resvalues=true' is deprecated.
The current default is 'false'.
It will be removed in version 10.0 of the Android Gradle plugin.
WARNING: The property android.dependency.excludeLibraryComponentsFromConstraints improves project import performance for very large projects. It should be enabled to improve performance.
To suppress this warning, add android.generateSyncIssueWhenLibraryConstraintsAreEnabled=false to gradle.properties
WARNING: The property android.dependency.excludeLibraryComponentsFromConstraints improves project import performance for very large projects. It should be enabled to improve performance.
To suppress this warning, add android.generateSyncIssueWhenLibraryConstraintsAreEnabled=false to gradle.properties
WARNING: The property android.dependency.excludeLibraryComponentsFromConstraints improves project import performance for very large projects. It should be enabled to improve performance.
To suppress this warning, add android.generateSyncIssueWhenLibraryConstraintsAreEnabled=false to gradle.properties
WARNING: The property android.dependency.excludeLibraryComponentsFromConstraints improves project import performance for very large projects. It should be enabled to improve performance.
To suppress this warning, add android.generateSyncIssueWhenLibraryConstraintsAreEnabled=false to gradle.properties

> Task :app:checkKotlinGradlePluginConfigurationErrors SKIPPED
> Task :app:preBuild UP-TO-DATE
> Task :app:preDebugBuild UP-TO-DATE
> Task :app:checkDebugAarMetadata UP-TO-DATE
> Task :app:processDebugNavigationResources UP-TO-DATE
> Task :app:compileDebugNavigationResources UP-TO-DATE
> Task :app:generateDebugResValues UP-TO-DATE
> Task :app:mapDebugSourceSetPaths UP-TO-DATE
> Task :app:generateDebugResources UP-TO-DATE
> Task :app:mergeDebugResources UP-TO-DATE
> Task :app:packageDebugResources UP-TO-DATE
> Task :app:parseDebugLocalResources UP-TO-DATE
> Task :app:createDebugCompatibleScreenManifests UP-TO-DATE
> Task :app:extractDeepLinksDebug UP-TO-DATE
> Task :app:processDebugMainManifest UP-TO-DATE
> Task :app:processDebugManifest UP-TO-DATE
> Task :app:processDebugManifestForPackage UP-TO-DATE
> Task :app:processDebugResources UP-TO-DATE

> Task :app:compileDebugKotlin FAILED
e: file:///C:/Users/giova/AndroidStudioProjects/FinancialAwareness/app/src/main/java/com/example/daysurpopt/ui/screens/OptimizationParametersScreen.kt:83:21 No parameter with name 'deltaTextColor' found.
e: file:///C:/Users/giova/AndroidStudioProjects/FinancialAwareness/app/src/main/java/com/example/daysurpopt/ui/screens/OptimizationParametersScreen.kt:98:21 No parameter with name 'deltaTextColor' found.
e: file:///C:/Users/giova/AndroidStudioProjects/FinancialAwareness/app/src/main/java/com/example/daysurpopt/ui/screens/OptimizationParametersScreen.kt:114:21 No parameter with name 'deltaTextColor' found.
e: file:///C:/Users/giova/AndroidStudioProjects/FinancialAwareness/app/src/main/java/com/example/daysurpopt/ui/screens/OptimizationParametersScreen.kt:130:21 No parameter with name 'deltaTextColor' found.
e: file:///C:/Users/giova/AndroidStudioProjects/FinancialAwareness/app/src/main/java/com/example/daysurpopt/ui/screens/SpecificExpensesScreen.kt:156:25 No parameter with name 'deltaTextColor' found.
e: file:///C:/Users/giova/AndroidStudioProjects/FinancialAwareness/app/src/main/java/com/example/daysurpopt/ui/screens/SpecificExpensesScreen.kt:184:25 No parameter with name 'deltaTextColor' found.
e: file:///C:/Users/giova/AndroidStudioProjects/FinancialAwareness/app/src/main/java/com/example/daysurpopt/ui/screens/SpecificExpensesScreen.kt:212:25 No parameter with name 'deltaTextColor' found.
e: file:///C:/Users/giova/AndroidStudioProjects/FinancialAwareness/app/src/main/java/com/example/daysurpopt/ui/screens/SurplusCalculatorScreen.kt:102:13 No parameter with name 'deltaTextColor' found.
e: file:///C:/Users/giova/AndroidStudioProjects/FinancialAwareness/app/src/main/java/com/example/daysurpopt/ui/screens/SurplusCalculatorScreen.kt:141:13 No parameter with name 'deltaTextColor' found.

FAILURE: Build failed with an exception.

* What went wrong:
Execution failed for task ':app:compileDebugKotlin'.
> A failure occurred while executing org.jetbrains.kotlin.compilerRunner.GradleCompilerRunnerWithWorkers$GradleKotlinCompilerWorkAction
   > Compilation error. See log for more details

* Try:
> Run with --stacktrace option to get the stack trace.
> Run with --info or --debug option to get more log output.
> Run with --scan to generate a Build Scan (Powered by Develocity).
> Get more help at https://help.gradle.org.

BUILD FAILED in 3s
16 actionable tasks: 1 executed, 15 up-to-date
